// Vitest Snapshot v1

exports[`App.vue > Should render correctly 1`] = `
<div
  class="main-placeholder"
  id="app"
>
  <z-k-header-stub />
  <div
    class="container my-3"
  >
    <div
      class="row"
    >
      <div
        class="col-8"
      >
        <h1>
          Aanmelden
        </h1>
        <gegevens-stub />
        <verzekering-stub />
        <controle-stub />
      </div>
      <z-k-sidebar-stub />
    </div>
  </div>
  <z-k-footer-stub />
</div>
`;
